// Jest Snapshot v1, https://goo.gl/fbAQLP

exports[`Character card Should match snapshot with card passed in 1`] = `
<PlanetCard
  card={
    Object {
      "climate": "Hot or Cold",
      "id": 123,
      "name": "Earth",
      "population": "7500000000",
      "residentNames": Array [
        Object {
          "id": 1,
          "name": "Nimsum",
        },
        Object {
          "id": 2,
          "name": "Dimsum",
        },
      ],
      "terrain": "Very Watery",
    }
  }
  updateFavoriteCount={[MockFunction]}
>
  <article
    className="planet-card"
    key="123"
  >
    <FavoriteCardBtn
      card={
        Object {
          "climate": "Hot or Cold",
          "id": 123,
          "name": "Earth",
          "population": "7500000000",
          "residentNames": Array [
            Object {
              "id": 1,
              "name": "Nimsum",
            },
            Object {
              "id": 2,
              "name": "Dimsum",
            },
          ],
          "terrain": "Very Watery",
        }
      }
      updateFavoriteCount={[MockFunction]}
    >
      <button
        className="favorite-card-btn"
        name="favorite-card"
        onClick={[Function]}
        title="Add to Favorites"
        type="button"
      >
        <img
          alt="card background"
          src="empire.png"
        />
        <img
          alt="card background"
          src={
            Object {
              "ReactComponent": Object {
                "$$typeof": Symbol(react.forward_ref),
                "render": [Function],
              },
              "__esModule": true,
              "default": "inactive-star.svg",
            }
          }
        />
        <img
          alt="card background"
          src="rebel-alliance.png"
        />
      </button>
    </FavoriteCardBtn>
    <h3>
      Earth
    </h3>
    <div
      className="terrain-container"
    >
      <h4>
        Terrain:
      </h4>
      <p>
        Very Watery
      </p>
    </div>
    <h4>
      Climate:
    </h4>
    <p>
      Hot or Cold
    </p>
    <h4>
      Population
    </h4>
    <p>
      7500000000
    </p>
    <div
      className="residents"
    >
      <h4>
        Residents:
      </h4>
      <p
        key="1"
      >
        Nimsum
      </p>
      <p
        key="2"
      >
        Dimsum
      </p>
    </div>
    <img
      alt="card background"
      className="bg-img"
      src="planet-5.png"
    />
  </article>
</PlanetCard>
`;
