// Jest Snapshot v1, https://goo.gl/fbAQLP

exports[`Card Container Should match snapshot taken 1`] = `
<section
  className="card-container"
>
  <VehicleCard
    card={
      Object {
        "card": "one",
        "id": 1,
      }
    }
    key="1"
    updateFavoriteCount={[MockFunction]}
  />
  <VehicleCard
    card={
      Object {
        "card": "two",
        "id": 2,
      }
    }
    key="2"
    updateFavoriteCount={[MockFunction]}
  />
</section>
`;
