// Jest Snapshot v1, https://goo.gl/fbAQLP

exports[`Header Should match snapshot 1`] = `
<header>
  <img
    alt="Star Wars Title"
    src="star-wars-title.png"
  />
</header>
`;
