// Jest Snapshot v1, https://goo.gl/fbAQLP

exports[`App component Should match snapshot taken 1`] = `
<div
  className="App"
>
  <Header
    category="home"
  />
  <CardContainer
    cards={Array []}
    category="home"
    loading={true}
    movie={Object {}}
    updateFavoriteCount={[Function]}
  />
  <CategoryBtnSection
    changeCategory={[Function]}
    currCategory="home"
    favoriteCount={0}
  />
</div>
`;
